Trader1;2024-01-20 11:43:02;ETH;1.9417
Trader1;2024-01-22 09:17:40;ETH;10.9537
